// Jest Snapshot v1, https://goo.gl/fbAQLP

exports[`VibrantForm should render the component with mock data 1`] = `
<Form
  fieldsData={
    Array [
      Object {
        "isRequired": true,
        "name": "firstname",
        "pattern": "wooga.1",
        "value": "John",
      },
      Object {
        "isRequired": true,
        "name": "surname",
        "pattern": "wooga.2",
        "value": "Doe",
      },
      Object {
        "name": "title",
        "value": 300,
      },
      Object {
        "name": "nationality",
        "value": "",
      },
    ]
  }
/>
`;

exports[`VibrantForm should render the empty component 1`] = `[Function]`;
