// Jest Snapshot v1, https://goo.gl/fbAQLP

exports[`VibrantForm should render the component with mock data 1`] = `
<Form
  fieldsData={
    Array [
      Object {
        "isRequired": true,
        "name": "Full Name",
        "type": "text",
        "value": "John Doe",
      },
      Object {
        "name": "role",
        "type": "text",
        "value": "Designer",
      },
      Object {
        "isRequired": true,
        "name": "department",
        "pattern": "wooga.",
        "type": "text",
        "value": "wooga.dev",
      },
      Object {
        "isRequired": true,
        "minValue": 1000,
        "name": "salary",
        "type": "text",
        "value": 900,
      },
    ]
  }
/>
`;

exports[`VibrantForm should render the empty component 1`] = `[Function]`;
